src/App.tsx(1,8): error TS6133: 'React' is declared but its value is never read.
src/components/ConflictTracker.tsx(1,1): error TS6133: 'React' is declared but its value is never read.
src/components/ConflictTracker.tsx(3,1): error TS6133: 'classNames' is declared but its value is never read.
src/components/Dashboard.tsx(1,1): error TS6133: 'React' is declared but its value is never read.
src/components/Dashboard.tsx(2,21): error TS6133: 'Doughnut' is declared but its value is never read.
src/components/GlobalMap.tsx(1,8): error TS6133: 'React' is declared but its value is never read.
src/components/GlobalMap.tsx(3,10): error TS6133: 'Zap' is declared but its value is never read.
src/components/GlobalMap.tsx(3,15): error TS6133: 'ShieldAlert' is declared but its value is never read.
